// Jest Snapshot v1, https://goo.gl/fbAQLP

exports[`My first suite Authorization 1`] = `
{
  "token": Any<String>,
}
`;
